// Jest Snapshot v1, https://goo.gl/fbAQLP

exports[`should render Login page correctly 1`] = `
<div
  className="login-container"
>
  <button>
    Log In
  </button>
</div>
`;
