// Jest Snapshot v1, https://goo.gl/fbAQLP

exports[`should render NotFound correctly 1`] = `
<div>
  <h1>
    404!
  </h1>
  <div>
    <Link
      replace={false}
      to="/"
    >
      Go home
    </Link>
  </div>
</div>
`;
